PS C:\git_kadai> mkdir git_challenge
PS C:\git_kadai> cd git_challenge
PS C:\git_kadai\git_challenge> git init
Initialized empty Git repository in C:/git_kadai/git_challenge/.git/
PS C:\git_kadai\git_challenge> echo "hello_world!" >> hello_world.txt
PS C:\git_kadai\git_challenge> git add .\hello_world.txt
PS C:\git_kadai\git_challenge> git commit -m "hello_world.txtを追加"
[main (root-commit) 0739993] hello_world.txtを追加
 1 file changed, 0 insertions(+), 0 deletions(-)
 create mode 100644 hello_world.txt
PS C:\git_kadai\git_challenge> git log --oneline
0739993 (HEAD -> main) hello_world.txtを追加
PS C:\git_kadai\git_challenge> echo "こんにちは、世界！" >> hello_world.txt
PS C:\git_kadai\git_challenge> git add .\hello_world.txt
PS C:\git_kadai\git_challenge> git commit -m "日本語訳を追加"
[main 8a22cd8] 日本語訳を追加
 1 file changed, 0 insertions(+), 0 deletions(-)
PS C:\git_kadai\git_challenge> git log --oneline
8a22cd8 (HEAD -> main) 日本語訳を追加
0739993 hello_world.txtを追加